// Jest Snapshot v1, https://goo.gl/fbAQLP

exports[`PokemonPicture component Debe hacer match con el snapshot 1`] = `<div class="pokemon-container"><img class="hidden-pokemon" src="https://raw.githubusercontent.com/PokeAPI/sprites/master/sprites/pokemon/other/dream-world/12.svg" alt="pokemon-image"></div>`;
